// Jest Snapshot v1, https://goo.gl/fbAQLP

exports[`snowpack dev react-source-map: App.js 1`] = `
"import * as  __SNOWPACK_HMR__ from '/__snowpack__/hmr-client.js';
import.meta.hot = __SNOWPACK_HMR__.createHotContext(import.meta.url);
import __SNOWPACK_ENV__ from '/__snowpack__/env.js';
import.meta.env = __SNOWPACK_ENV__;
/** React Refresh: Setup **/
if (import.meta.hot) {
  if (!window.$RefreshReg$ || !window.$RefreshSig$ || !window.$RefreshRuntime$) {
    console.warn('@snowpack/plugin-react-refresh: HTML setup script not run. React Fast Refresh only works when Snowpack serves your HTML routes. You many want to remove this plugin.');
  } else {
    var prevRefreshReg = window.$RefreshReg$;
    var prevRefreshSig = window.$RefreshSig$;

    window.$RefreshReg$ = (type, id) => {
      window.$RefreshRuntime$.register(type, \\"<rootDir>/src/App.js\\" + ' ' + id);
    };

    window.$RefreshSig$ = window.$RefreshRuntime$.createSignatureFunctionForTransform;
  }
}

var _s = $RefreshSig$();

import React, { useState, useEffect } from \\"../web_modules/react.js\\";
import logo2 from \\"./logo.svg.proxy.js\\";
import \\"./App.css.proxy.js\\";

function App2() {
  _s();

  const [count, setCount] = useState(0);
  useEffect(() => {
    const timer = setTimeout(() => setCount(count + 1), 1e3);
    return () => clearTimeout(timer);
  }, [count, setCount]);
  return /* @__PURE__ */React.createElement(\\"div\\", {
    className: \\"App\\"
  }, /* @__PURE__ */React.createElement(\\"header\\", {
    className: \\"App-header\\"
  }, /* @__PURE__ */React.createElement(\\"img\\", {
    src: logo2,
    className: \\"App-logo\\",
    alt: \\"logo\\"
  }), /* @__PURE__ */React.createElement(\\"p\\", null, \\"Edit \\", /* @__PURE__ */React.createElement(\\"code\\", null, \\"src/App.jsx\\"), \\" and save to reload.\\"), /* @__PURE__ */React.createElement(\\"p\\", null, \\"Page has been open for \\", /* @__PURE__ */React.createElement(\\"code\\", null, count), \\" seconds.\\"), /* @__PURE__ */React.createElement(\\"p\\", null, /* @__PURE__ */React.createElement(\\"a\\", {
    className: \\"App-link\\",
    href: \\"https://reactjs.org\\",
    target: \\"_blank\\",
    rel: \\"noopener noreferrer\\"
  }, \\"Learn React\\"))));
}

_s(App2, \\"/xL7qdScToREtqzbt5GZ1kHtYjQ=\\");

_c = App2;
export default App2;

var _c;

$RefreshReg$(_c, \\"App2\\");

if (import.meta.hot) {
  window.$RefreshReg$ = prevRefreshReg;
  window.$RefreshSig$ = prevRefreshSig;
  import.meta.hot.accept(() => {
    window.$RefreshRuntime$.performReactRefresh();
  });
}
//# sourceMappingURL=App.js.map
"
`;

exports[`snowpack dev react-source-map: App.js.map 1`] = `
Object {
  "mappings": ";;;;;;;;;;;;;;;;;;;;;;AAAA,OAAA,KAAA,IAAA,QAAA,EAAA,SAAA,QAAA,OAAA;AACA,OAAA,KAAA,MAAA,YAAA;AACA,OAAA,WAAA;;AAEA,SAAA,IAAA,GAAA;AAAA,EAAA,EAAA;;AAEE,QAAM,CAAA,KAAA,EAAA,QAAA,IAAoB,QAAA,CAA1B,CAA0B,CAA1B;AAEA,EAAA,SAAA,CAAU,MAAA;AACR,UAAA,KAAA,GAAc,UAAA,CAAW,MAAM,QAAA,CAAS,KAAA,GAA1B,CAAiB,CAAjB,EAAd,GAAc,CAAd;AACA,WAAO,MAAM,YAAA,CAAb,KAAa,CAAb;AAFF,GAAA,EAGG,CAAA,KAAA,EAHH,QAGG,CAHH,CAAA;AAKA,SACE,eAAA,KAAA,CAAA,aAAA,CAAA,KAAA,EAAA;AAAK,IAAA,SAAA,EAAU;AAAf,GAAA,EACE,eAAA,KAAA,CAAA,aAAA,CAAA,QAAA,EAAA;AAAQ,IAAA,SAAA,EAAU;AAAlB,GAAA,EACE,eAAA,KAAA,CAAA,aAAA,CAAA,KAAA,EAAA;AAAK,IAAA,GAAA,EAAL,KAAA;AAAgB,IAAA,SAAA,EAAhB,UAAA;AAAqC,IAAA,GAAA,EAAI;AAAzC,GAAA,CADF,EAEE,eAAA,KAAA,CAAA,aAAA,CAAA,GAAA,EAAA,IAAA,EAAA,OAAA,EACO,eAAA,KAAA,CAAA,aAAA,CAAA,MAAA,EAAA,IAAA,EADP,aACO,CADP,EAFF,sBAEE,CAFF,EAKE,eAAA,KAAA,CAAA,aAAA,CAAA,GAAA,EAAA,IAAA,EAAA,yBAAA,EACyB,eAAA,KAAA,CAAA,aAAA,CAAA,MAAA,EAAA,IAAA,EADzB,KACyB,CADzB,EALF,WAKE,CALF,EAQE,eAAA,KAAA,CAAA,aAAA,CAAA,GAAA,EAAA,IAAA,EACE,eAAA,KAAA,CAAA,aAAA,CAAA,GAAA,EAAA;AACE,IAAA,SAAA,EADF,UAAA;AAEE,IAAA,IAAA,EAFF,qBAAA;AAGE,IAAA,MAAA,EAHF,QAAA;AAIE,IAAA,GAAA,EAAI;AAJN,GAAA,EAXR,aAWQ,CADF,CARF,CADF,CADF;AAgBS;;GAzBX,I;;KAAA,I;AAkCA,eAAA,IAAA",
  "names": Array [],
  "sources": Array [
    "src/App.jsx",
  ],
  "sourcesContent": Array [
    "import React, { useState, useEffect } from 'react';
import logo from './logo.svg';
import './App.css';

function App() {
  // Create the count state.
  const [count, setCount] = useState(0);
  // Create the counter (+1 every second).
  useEffect(() => {
    const timer = setTimeout(() => setCount(count + 1), 1000);
    return () => clearTimeout(timer);
  }, [count, setCount]);
  // Return the App component.
  return (
    <div className=\\"App\\">
      <header className=\\"App-header\\">
        <img src={logo} className=\\"App-logo\\" alt=\\"logo\\" />
        <p>
          Edit <code>src/App.jsx</code> and save to reload.
        </p>
        <p>
          Page has been open for <code>{count}</code> seconds.
        </p>
        <p>
          <a
            className=\\"App-link\\"
            href=\\"https://reactjs.org\\"
            target=\\"_blank\\"
            rel=\\"noopener noreferrer\\"
          >
            Learn React
          </a>
        </p>
      </header>
    </div>
  );
}

export default App;
",
  ],
  "version": 3,
}
`;

exports[`snowpack dev react-source-map: html 1`] = `
"<!DOCTYPE html>
<html lang=\\"en\\">
  <head>
    <meta charset=\\"utf-8\\" />
    <link rel=\\"icon\\" href=\\"/favicon.ico\\" />
    <meta name=\\"viewport\\" content=\\"width=device-width, initial-scale=1\\" />
    <meta name=\\"description\\" content=\\"Web site created using create-snowpack-app\\" />
    <title>Snowpack App</title>
  <script type=\\"module\\" integrity=\\"sha384-nVIHeZJ8JTjn1/6rYx7hJo3wZ5ar+ErXrRjaSvgzp3YuAaF6hRiitaIUwTSv4N8G\\" src=\\"/__snowpack__/hmr-client.js\\"></script><script type=\\"module\\" integrity=\\"sha384-LH/mFhEGRB4jHedP0nqOoIUwc4VX8eWJxEL+qTGWtroqiLJ2vxX169J0oSBMHL5o\\" src=\\"/__snowpack__/hmr-error-overlay.js\\"></script></head>
  <body>
    <div id=\\"root\\"></div>
    <noscript>You need to enable JavaScript to run this app.</noscript>
    <script type=\\"module\\" src=\\"/dist/index.js\\"></script>
    <!--
      This HTML file is a template.
      If you open it directly in the browser, you will see an empty page.

      You can add webfonts, meta tags, or analytics to this file.
      The build step will place the bundled scripts into the <body> tag.

      To begin the development, run \`npm start\` or \`yarn start\`.
      To create a production bundle, use \`npm run build\` or \`yarn build\`.
    -->
  </body>
</html>
"
`;

exports[`snowpack dev react-source-map: index.js 1`] = `
"import * as  __SNOWPACK_HMR__ from '/__snowpack__/hmr-client.js';
import.meta.hot = __SNOWPACK_HMR__.createHotContext(import.meta.url);
import __SNOWPACK_ENV__ from '/__snowpack__/env.js';
import.meta.env = __SNOWPACK_ENV__;
import React from \\"../web_modules/react.js\\";
import ReactDOM from \\"../web_modules/react-dom.js\\";
import App2 from \\"./App.js\\";
import \\"./index.css.proxy.js\\";
ReactDOM.render( /* @__PURE__ */React.createElement(React.StrictMode, null, /* @__PURE__ */React.createElement(App2, null)), document.getElementById(\\"root\\"));

if (import.meta.hot) {
  import.meta.hot.accept();
}
//# sourceMappingURL=index.js.map
"
`;

exports[`snowpack dev react-source-map: index.js.map 1`] = `
Object {
  "mappings": ";;;;AAAA,OAAA,KAAA,MAAA,OAAA;AACA,OAAA,QAAA,MAAA,WAAA;AACA,OAAA,IAAA,MAAA,WAAA;AACA,OAAA,aAAA;AAEA,QAAA,CAAS,MAAT,EACE,eAAA,KAAA,CAAA,aAAA,CAAC,KAAA,CAAM,UAAP,EAAA,IAAA,EACE,eAAA,KAAA,CAAA,aAAA,CAAC,IAAD,EAAA,IAAA,CADF,CADF,EAIE,QAAA,CAAS,cAAT,CAAwB,MAAxB,CAJF;;AASA,IAAI,MAAA,CAAA,IAAA,CAAY,GAAhB,EAAgB;AACd,EAAA,MAAA,CAAA,IAAA,CAAY,GAAZ,CAAgB,MAAhB;AAAgB",
  "names": Array [],
  "sources": Array [
    "src/index.jsx",
  ],
  "sourcesContent": Array [
    "import React from 'react';
import ReactDOM from 'react-dom';
import App from './App.jsx';
import './index.css';

ReactDOM.render(
  <React.StrictMode>
    <App />
  </React.StrictMode>,
  document.getElementById('root'),
);

// Hot Module Replacement (HMR) - Remove this snippet to remove HMR.
// Learn more: https://www.snowpack.dev/concepts/hot-module-replacement
if (import.meta.hot) {
  import.meta.hot.accept();
}
",
  ],
  "version": 3,
}
`;
